[2025-04-13 13:00:21] INFO: GET /chat/67f50caf91ed06fbb280f1e6
[2025-04-13 13:00:22] INFO: GET /profile/view
[2025-04-13 13:18:26] INFO: GET /chat/67f50c2391ed06fbb280f1de
[2025-04-13 13:18:26] INFO: GET /profile/view
[2025-04-13 13:18:28] INFO: GET /chat/67f50caf91ed06fbb280f1e6
[2025-04-13 13:18:28] INFO: GET /profile/view
[2025-04-13 14:54:27] INFO: GET /chat/67f50caf91ed06fbb280f1e6
[2025-04-13 14:54:27] INFO: GET /profile/view
[2025-04-13 14:54:32] INFO: GET /chat/67f50c2391ed06fbb280f1de
[2025-04-13 14:54:32] INFO: GET /profile/view
[2025-04-13 14:55:05] INFO: GET /user/connections
[2025-04-13 14:55:13] INFO: GET /user/connections
[2025-04-13 15:37:13] INFO: GET /user/connections
[2025-04-13 15:37:13] INFO: GET /profile/view
[2025-04-14 14:26:12] INFO: GET /user/connections
[2025-04-14 14:26:12] INFO: GET /profile/view
[2025-04-14 14:36:18] INFO: GET /profile/view
[2025-04-14 14:38:29] INFO: GET /profile/view
[2025-04-14 14:41:14] INFO: GET /profile/view
[2025-04-14 14:41:16] INFO: GET /profile/view
[2025-04-24 13:29:41] INFO: GET /user/feed
[2025-04-24 13:29:41] INFO: GET /profile/view
[2025-04-24 13:29:57] INFO: POST /auth/login
[2025-04-24 13:29:57] INFO: GET /user/feed
[2025-04-24 13:30:06] INFO: GET /user/connections
[2025-04-24 13:30:08] INFO: GET /user/requests/received
[2025-04-24 13:30:10] INFO: GET /premium/verify
[2025-04-24 13:30:16] INFO: POST /auth/logout
[2025-05-03 14:37:13] INFO: POST /auth/login
[2025-05-03 14:42:43] INFO: POST /auth/login
[2025-05-03 14:44:19] INFO: POST /auth/login
[2025-05-03 14:46:48] INFO: POST /auth/login
[2025-05-03 14:49:34] INFO: POST /auth/login
[2025-05-03 14:59:18] INFO: POST /auth/login
[2025-05-03 15:00:01] INFO: POST /auth/login
[2025-05-03 15:01:31] INFO: POST /auth/login
[2025-05-03 15:02:23] INFO: POST /auth/login
[2025-05-03 15:03:28] INFO: POST /auth/login
[2025-05-03 15:04:54] INFO: POST /auth/login
[2025-05-03 15:05:45] INFO: POST /auth/login
[2025-05-03 15:06:46] INFO: POST /auth/login
[2025-05-03 15:07:55] INFO: POST /auth/login
[2025-05-03 15:07:55] INFO: GET /user/feed
[2025-05-03 15:08:11] INFO: POST /auth/logout
[2025-05-03 16:56:24] INFO: POST /auth/signup
[2025-05-03 16:59:05] INFO: POST /auth/signup
[2025-05-03 17:09:34] INFO: POST /auth/signup
[2025-05-03 17:10:49] INFO: POST /auth/signup
[2025-05-03 17:10:50] INFO: GET /profile/view
[2025-05-03 17:14:05] INFO: POST /auth/signup
[2025-05-03 17:15:11] INFO: POST /auth/signup
[2025-05-03 17:15:35] INFO: POST /auth/signup
[2025-05-03 17:16:23] INFO: POST /auth/signup
[2025-05-03 17:16:34] INFO: POST /auth/signup
[2025-05-03 17:18:02] INFO: POST /auth/signup
[2025-05-03 17:18:02] INFO: GET /profile/view
[2025-05-03 17:18:28] INFO: POST /auth/login
[2025-05-03 17:18:28] INFO: GET /user/feed
[2025-05-05 13:21:25] INFO: POST /auth/forgot-password
[2025-05-05 14:02:41] INFO: POST /auth/forgot-password
[2025-05-05 14:02:43] INFO: POST /auth/forgot-password
[2025-05-05 14:02:51] INFO: POST /auth/forgot-password
[2025-05-05 14:03:05] INFO: GET /auth/forgot-password
[2025-06-20 17:38:29] INFO: POST /auth/logout
[2025-06-20 17:38:32] INFO: POST /auth/login
[2025-06-22 18:18:52] INFO: GET /
[2025-06-22 18:19:01] INFO: GET /HNAP1/
[2025-06-22 18:19:04] INFO: GET /loginMsg.js
[2025-06-22 18:19:04] INFO: GET /cgi/get.cgi?cmd=home_login
[2025-06-23 18:27:02] INFO: GET /
[2025-06-23 18:27:11] INFO: GET /HNAP1/
[2025-06-23 18:27:14] INFO: GET /loginMsg.js
[2025-06-23 18:27:14] INFO: GET /cgi/get.cgi?cmd=home_login
[2025-06-23 18:27:17] INFO: POST /boaform/admin/formTracert
[2025-06-25 11:59:52] INFO: GET /
[2025-06-25 12:00:07] INFO: GET /HNAP1/
[2025-06-25 12:00:10] INFO: GET /loginMsg.js
[2025-06-25 12:00:10] INFO: GET /cgi/get.cgi?cmd=home_login
[2025-06-25 15:03:36] INFO: GET /user/feed
[2025-06-25 15:03:36] INFO: GET /profile/view
[2025-06-25 15:03:39] INFO: POST /auth/login
[2025-06-25 15:03:51] INFO: GET /user/requests/received
[2025-06-25 15:03:52] INFO: GET /premium/verify
[2025-06-25 15:04:08] INFO: GET /user/feed
[2025-06-25 15:04:08] INFO: GET /profile/view
[2025-06-25 15:04:20] INFO: GET /user/feed
[2025-06-25 15:04:20] INFO: GET /profile/view
[2025-06-25 15:51:40] INFO: GET /user/feed
[2025-06-25 15:51:40] INFO: GET /profile/view
[2025-06-25 16:19:26] INFO: GET /user/feed
[2025-06-25 16:19:26] INFO: GET /profile/view
[2025-06-25 16:23:01] INFO: GET /user/feed
[2025-06-25 16:23:01] INFO: GET /profile/view
[2025-06-25 17:47:44] INFO: GET /user/feed
[2025-06-25 17:47:44] INFO: GET /profile/view
[2025-06-25 17:50:00] INFO: GET /user/feed
[2025-06-25 17:50:00] INFO: GET /profile/view
[2025-06-25 17:53:04] INFO: POST /request/send/interested/67f50c2391ed06fbb280f1de
[2025-06-25 17:55:11] INFO: POST /request/send/interested/67f50c2391ed06fbb280f1de
[2025-06-25 17:56:00] INFO: POST /request/send/interested/67f50c2391ed06fbb280f1de
[2025-06-26 12:58:57] INFO: GET /
[2025-06-26 12:58:57] INFO: GET /
[2025-06-26 12:58:57] INFO: GET /user/feed
[2025-06-26 12:58:59] INFO: GET /profile/view
[2025-06-26 13:00:10] INFO: POST /auth/login
[2025-06-26 13:00:37] INFO: GET /user/feed
[2025-06-26 13:00:48] INFO: GET /profile/view
[2025-06-26 13:01:16] INFO: POST /request/send/interested/67f50c2391ed06fbb280f1de
[2025-06-26 13:03:24] INFO: POST /request/send/interested/67f50c2391ed06fbb280f1de
[2025-06-26 13:09:35] INFO: POST /request/send/interested/67f50c2391ed06fbb280f1de
[2025-06-26 13:11:10] INFO: POST /auth/logout
[2025-06-26 13:11:23] INFO: POST /auth/login
[2025-06-26 13:11:29] INFO: POST /auth/login
[2025-06-26 13:11:37] INFO: GET /user/requests/received
[2025-06-26 13:11:59] INFO: GET /user/requests/received
[2025-06-26 13:11:59] INFO: GET /profile/view
[2025-06-26 13:12:57] INFO: GET /user/requests/received
[2025-06-26 13:12:57] INFO: GET /profile/view
[2025-06-26 13:15:25] INFO: GET /user/requests/received
[2025-06-26 13:15:25] INFO: GET /profile/view
[2025-06-26 13:16:15] INFO: POST /request/review/accepted/685cf76440950aea1dedbea9
[2025-06-26 14:03:03] INFO: GET /profile/view
[2025-06-26 14:45:03] INFO: POST /auth/login
[2025-06-26 14:45:28] INFO: GET /profile/view
[2025-06-26 14:50:06] INFO: GET /profile/view
[2025-06-26 14:55:21] INFO: GET /user/connections
[2025-06-26 14:55:27] INFO: GET /user/connections
[2025-06-26 14:55:28] INFO: GET /user/connections
[2025-06-26 14:55:29] INFO: GET /user/connections
[2025-06-26 14:55:30] INFO: GET /user/connections
[2025-06-26 14:55:58] INFO: GET /user/connections
[2025-06-26 14:55:59] INFO: GET /user/connections
[2025-06-26 14:56:11] INFO: GET /user/connections
[2025-06-26 14:56:14] INFO: GET /user/connections
[2025-06-26 14:56:15] INFO: GET /user/connections
[2025-06-26 14:56:18] INFO: GET /user/connections
[2025-06-26 14:56:21] INFO: GET /user/connections
[2025-06-26 14:56:22] INFO: GET /user/connections
[2025-06-26 14:56:25] INFO: GET /user/connections
[2025-06-26 14:56:26] INFO: GET /user/connections
[2025-06-26 14:56:27] INFO: GET /user/connections
[2025-06-26 14:56:36] INFO: GET /user/connections
[2025-06-26 14:56:36] INFO: GET /profile/view
[2025-06-26 14:57:01] INFO: POST /auth/logout
[2025-06-26 14:57:08] INFO: POST /auth/login
[2025-06-26 14:57:13] INFO: GET /user/connections
[2025-06-26 14:57:47] INFO: GET /user/connections
[2025-06-26 14:57:48] INFO: GET /profile/view
[2025-06-26 15:04:21] INFO: GET /user/connections
[2025-06-26 15:04:21] INFO: GET /profile/view
[2025-06-26 17:35:51] INFO: GET /user/connections
[2025-06-26 17:35:51] INFO: GET /profile/view
[2025-06-26 17:36:35] INFO: GET /user/connections
[2025-06-26 17:36:35] INFO: GET /profile/view
[2025-06-26 17:37:08] INFO: GET /user/connections
[2025-06-26 17:37:09] INFO: GET /user/connections
[2025-06-26 17:37:29] INFO: GET /user/connections
[2025-06-26 17:37:31] INFO: GET /user/connections
[2025-06-26 17:37:38] INFO: GET /user/connections
[2025-06-26 17:37:39] INFO: GET /user/connections
[2025-06-26 17:37:43] INFO: GET /user/connections
[2025-06-26 17:37:44] INFO: GET /user/connections
[2025-06-26 17:37:53] INFO: GET /user/connections
[2025-06-26 17:38:46] INFO: GET /user/connections
[2025-06-26 17:40:13] INFO: GET /user/connections
[2025-06-26 17:40:14] INFO: GET /profile/view
[2025-06-26 17:40:54] INFO: GET /user/connections
[2025-06-26 17:41:06] INFO: GET /user/connections
[2025-06-26 17:41:11] INFO: GET /user/connections
[2025-06-26 17:41:12] INFO: GET /user/connections
[2025-06-26 17:44:25] INFO: GET /user/connections
[2025-06-26 17:46:16] INFO: GET /user/connections
[2025-06-26 17:46:16] INFO: GET /profile/view
[2025-06-26 17:46:19] INFO: GET /chat/67f50c2391ed06fbb280f1de
[2025-06-26 17:46:45] INFO: GET /user/feed
[2025-06-26 17:46:45] INFO: GET /profile/view
[2025-06-26 17:46:58] INFO: POST /auth/login
[2025-06-26 17:47:03] INFO: GET /user/connections
[2025-06-26 17:47:10] INFO: GET /chat/6855334e8c41a4f5205339a9
[2025-06-26 17:48:00] INFO: GET /user/connections
[2025-06-26 17:48:10] INFO: POST /auth/logout
[2025-06-26 17:48:22] INFO: POST /auth/login
[2025-06-26 17:48:30] INFO: GET /user/requests/received
[2025-06-26 17:48:44] INFO: GET /user/feed
[2025-06-26 17:48:44] INFO: GET /profile/view
[2025-06-26 17:48:59] INFO: POST /request/send/interested/67f50caf91ed06fbb280f1e6
[2025-06-26 17:49:05] INFO: GET /user/feed
[2025-06-26 17:49:05] INFO: GET /profile/view
[2025-06-26 17:49:18] INFO: POST /auth/logout
[2025-06-26 17:49:22] INFO: POST /auth/login
[2025-06-26 17:49:27] INFO: GET /user/requests/received
[2025-06-26 17:49:33] INFO: POST /request/review/accepted/685d3ab36e50c6833339294c
[2025-06-26 17:49:35] INFO: POST /request/review/accepted/67fb8cd85d1ec7f53bdb7b1d
[2025-06-26 17:49:39] INFO: GET /user/connections
[2025-06-26 17:49:47] INFO: GET /chat/6855334e8c41a4f5205339a9
[2025-06-26 17:50:05] INFO: GET /user/connections
[2025-06-26 17:50:08] INFO: GET /chat/67f50caf91ed06fbb280f1e6
[2025-06-26 17:50:21] INFO: GET /chat/6855334e8c41a4f5205339a9
[2025-06-26 17:50:21] INFO: GET /profile/view
[2025-06-26 17:50:42] INFO: POST /auth/logout
[2025-06-26 17:54:27] INFO: POST /auth/login
[2025-06-26 17:55:01] INFO: GET /user/connections
[2025-06-26 17:55:06] INFO: GET /chat/67f50caf91ed06fbb280f1e6
[2025-06-26 17:55:39] INFO: GET /chat/67f50caf91ed06fbb280f1e6
[2025-06-26 17:55:39] INFO: GET /profile/view
[2025-06-26 17:55:58] INFO: GET /user/connections
[2025-06-26 17:56:01] INFO: GET /chat/67f50c2391ed06fbb280f1de
[2025-06-26 17:56:10] INFO: GET /chat/67f50c2391ed06fbb280f1de
[2025-06-26 17:56:10] INFO: GET /profile/view
[2025-06-26 17:56:23] INFO: GET /user/connections
[2025-06-26 17:56:42] INFO: GET /user/connections
[2025-06-26 17:56:42] INFO: GET /profile/view
[2025-06-26 17:57:03] INFO: POST /auth/logout
[2025-06-26 17:57:12] INFO: POST /auth/login
[2025-06-26 17:57:17] INFO: GET /user/connections
[2025-06-26 17:57:19] INFO: GET /chat/67f50caf91ed06fbb280f1e6
[2025-06-26 17:57:28] INFO: GET /chat/67f50c2391ed06fbb280f1de
[2025-06-26 17:58:03] INFO: GET /chat/67f50c2391ed06fbb280f1de
[2025-06-26 17:58:03] INFO: GET /profile/view
[2025-06-26 17:58:11] INFO: GET /user/connections
[2025-06-26 17:58:19] INFO: GET /chat/67f50caf91ed06fbb280f1e6
[2025-06-26 17:59:54] INFO: GET /chat/67f50caf91ed06fbb280f1e6
[2025-06-26 17:59:54] INFO: GET /profile/view
[2025-06-26 18:01:15] INFO: GET /user/connections
[2025-06-26 18:02:03] INFO: GET /chat/67f50caf91ed06fbb280f1e6
[2025-06-26 18:02:06] INFO: GET /user/connections
[2025-06-26 18:36:27] INFO: GET /profile/view
[2025-06-26 18:36:27] INFO: GET /user/connections
[2025-06-26 18:37:57] INFO: GET /user/connections
[2025-06-26 18:43:13] INFO: GET /user/connections
[2025-06-26 18:43:31] INFO: GET /user/connections
[2025-06-26 18:47:50] INFO: GET /user/profile/67f50caf91ed06fbb280f1e6
[2025-06-26 18:47:55] INFO: GET /user/profile/67f50caf91ed06fbb280f1e6
[2025-06-26 18:47:58] INFO: GET /user/profile/67f50caf91ed06fbb280f1e6
[2025-06-26 18:48:00] INFO: GET /user/profile/67f50caf91ed06fbb280f1e6
[2025-06-26 18:48:10] INFO: GET /user/profile/67f50caf91ed06fbb280f1e6
[2025-06-26 18:48:32] INFO: GET /user/profile/67f50caf91ed06fbb280f1e6
[2025-06-26 18:48:38] INFO: GET /user/profile/67f50caf91ed06fbb280f1e6
[2025-06-26 18:48:39] INFO: GET /user/profile/67f50caf91ed06fbb280f1e6
[2025-06-26 18:48:40] INFO: GET /user/profile/67f50caf91ed06fbb280f1e6
[2025-06-26 18:48:46] INFO: GET /user/profile/67f50caf91ed06fbb280f1e6
[2025-06-26 18:48:55] INFO: GET /user/profile/67f50caf91ed06fbb280f1e6
[2025-06-26 18:48:56] INFO: GET /user/profile/67f50caf91ed06fbb280f1e6
[2025-06-26 18:48:59] INFO: GET /user/profile/67f50caf91ed06fbb280f1e6
[2025-06-26 18:49:11] INFO: GET /user/profile/67f50caf91ed06fbb280f1e6
[2025-06-26 18:49:15] INFO: GET /user/profile/67f50caf91ed06fbb280f1e6
[2025-06-26 18:49:16] INFO: GET /user/profile/67f50caf91ed06fbb280f1e6
[2025-06-26 18:49:17] INFO: GET /user/profile/67f50caf91ed06fbb280f1e6
[2025-06-26 18:49:19] INFO: GET /user/profile/67f50caf91ed06fbb280f1e6
[2025-06-26 18:49:24] INFO: GET /profile/view
[2025-06-26 18:49:50] INFO: GET /user/profile/67f50caf91ed06fbb280f1e6
[2025-06-26 18:49:53] INFO: GET /user/profile/67f50caf91ed06fbb280f1e6
[2025-06-26 18:49:54] INFO: GET /user/profile/67f50caf91ed06fbb280f1e6
[2025-06-26 18:50:04] INFO: GET /user/profile/67f50caf91ed06fbb280f1e6
[2025-06-26 18:50:04] INFO: GET /profile/view
[2025-06-26 18:50:35] INFO: GET /user/profile/67f50caf91ed06fbb280f1e6
[2025-06-26 18:50:35] INFO: GET /profile/view
[2025-06-26 18:51:19] INFO: GET /user/profile/67f50caf91ed06fbb280f1e6
[2025-06-26 18:51:19] INFO: GET /profile/view
